SQL> --현재 계정이 무엇인지
SQL> show user;
USER is "SYS"
SQL> --sys는 db완 관련된 큰 작업만한다
SQL> --따라서 주 작업은 한단계 낮은 계정인
SQL> --system 으로 처리한다.
SQL> --system의 비밀번호를 모르므로, 아예
SQL> --sys한테 비밀번호 변경을 부탁하자
SQL> alter user system
  2  identifeid by manager;
identifeid by manager
*
ERROR at line 2:
ORA-00922: missing or invalid option 


SQL> alter user system
  2  identified by manager;

User altered.

SQL> --관리자계정으로 로그인했기 때문에
SQL> --db 생성도 가능하다
SQL> --깜빡, system으로 로그인하자
SQL> conn system/manager
Connected.
SQL> show user;
USER is "SYSTEM"
SQL> --데이터베이스생성
SQL> create tablespace ng
  2  datafile 'C:\oraclexe\app\oracle\oradata\XE\ng.dbf'
  3  size 10m;

Tablespace created.

SQL> --데이터베이스 사용할 유저 생성
SQL> create user ng
  2  identified by ng
  3  default tablespace ng
  4  quota unlimited on ng;

User created.

SQL> --로그인할수있는 권한, 테이블, 시퀀스권한 부여
SQL> grant create session, create table
  2  , create sequence to ng;

Grant succeeded.

SQL> --일반 유저계정으로 로그인
SQL> conn ng/ng
Connected.
SQL> --테이블 생성하기
SQL> ed
SP2-0110: Cannot create save file "afiedt.buf"
SQL> select;
select
     *
ERROR at line 1:
ORA-00936: missing expression 


SQL> ed
SP2-0110: Cannot create save file "afiedt.buf"
SQL> create table profile(
  2  profile_id number primary key
  3  , name varchar2(30)
  4  , age number default 0
  5  , job varchar2(30)
  6  );

Table created.

SQL> --시퀀스 생성
SQL> create  sequence seq_profile
  2  increment by 1
  3  start with 1;

Sequence created.

SQL> --딕셔너리(시스템테이블)에서 생성한것
SQL> --다시 확인해보자
SQL> select table_name from user_tables;

TABLE_NAME                                                                      
------------------------------------------------------------                    
PROFILE                                                                         

SQL> spool off
